
一、新建版本库/仓库repository
	创建一个版本库非常简单，首先，选择一个合适的地方，创建一个空目录：
	$ mkdir learngit
	$ cd learngit
	$ pwd
	/Users/michael/learngit
	
	/*如果你使用Windows系统，为了避免遇到各种莫名其妙的问题，请确保目录名（包括父目录）不包含中文。*/
	
	第二步，通过git init命令把这个目录变成Git可以管理的仓库：
	$ git init
	Initialized empty Git repository in /Users/michael/learngit/.git/
	
	如果你没有看到.git目录，那是因为这个目录默认是隐藏的，用ls -ah命令就可以看见。
	
二、把文件添加到版本库
	以本文"record.txt"为例如何将该文件添加到仓库里面？
	前提：一定要放到learngit目录下（子目录也行），因为这是一个Git仓库，放到其他地方Git再厉害也找不到这个文件。
	第一步，用命令git add告诉Git，把文件添加到仓库：
	$ git add record.txt
	
	第二步，用命令git commit告诉Git，把文件提交到仓库：
	$ git commit -m "wrote a record file"
	[master (root-commit) ad45fa6] wrote a record file
	1 file changed, 28 insertions(+)
	create mode 100644 record.txt
	
	简单解释一下git commit命令，-m后面输入的是本次提交的说明，可以输入任意内容，当然最好是有意义的，
	这样你就能从历史记录里方便地找到改动记录。
	
	为什么Git添加文件需要add，commit一共两步呢？
	因为commit可以一次提交很多文件，所以你可以多次add不同的文件，比如：
	$ git add file1.txt
	$ git add file2.txt file3.txt
	$ git commit -m "add 3 files."

	小结(2016-12-26)：现在总结一下今天学的两点内容：
	初始化一个Git仓库，使用git init命令。

	添加文件到Git仓库，分两步：
    第一步，使用命令git add <file>，注意，可反复多次使用，添加多个文件；
    第二步，使用命令git commit，完成。
	
三、如何查看文件的修改状态
	查看仓库当前的状态：git status
	$ git status
	On branch master
	Changes not staged for commit:
	(use "git add <file>..." to update what will be committed)
	(use "git checkout -- <file>..." to discard changes in working directory)

        modified:   record.txt

	no changes added to commit (use "git add" and/or "git commit -a")
	
	/*上面的命令告诉我们，readme.txt被修改过了，但还没有准备提交的修改。*/
	
	具体修改了什么内容?需要用git diff这个命令:
	$ git diff record.txt
	diff --git a/record.txt b/record.txt
	index d188e07..2685ccd 100644
	--- a/record.txt
	+++ b/record.txt
	@@ -1,3 +1,4 @@
	+
	 一、新建版本库/仓库repository
			创建一个版本库非常简单，首先，选择一个合适的地方，创建一个空目录：
			$ mkdir learngit
	@@ -17,12 +18,30 @@
			以本文"record.txt"为例如何将该文件添加到仓库里面？
			前提：一定要放到learngit目录下（子目录也行），因为这是一个Git仓库，放到其他地方Git再厉害也找不到这个文件。
			第一步，用命令git add告诉Git，把文件添加到仓库：
	-       $ git add readme.txt
	+       $ git add record.txt

			第二步，用命令git commit告诉Git，把文件提交到仓库：
	-       $ git commit -m "wrote a readme file"
	-       [master (root-commit) cb926e7] wrote a readme file
	-       1 file changed, 2 insertions(+)
	-       create mode 100644 readme.txt
	+       $ git commit -m "wrote a record file"
	+       [master (root-commit) ad45fa6] wrote a record file
	
	/*git diff顾名思义就是查看difference*/
	知道了对readme.txt作了什么修改后，再把它提交到仓库就放心多了，提交修改和提交新文件是一样的两步，第一步是git add：
	$ git add record.txt
	下一步，再次提交：
	$ git commit -m "wrote a record file"
	
	小结(2016-12-26):

    要随时掌握工作区的状态，使用git status命令。

    如果git status告诉你有文件被修改过，用git diff可以查看修改内容。



	
	